// Jest Snapshot v1, https://goo.gl/fbAQLP

exports[`App Component:  should render wrappers 1`] = `
<Fragment>
  <Styled(ErrorBoundary)>
    <Styled(App) />
  </Styled(ErrorBoundary)>
  <GlobalStyleComponent />
</Fragment>
`;
